node.exe : FAIL src/modules/inventario/
alimentos/alimentos.controller.spec.ts
En línea: 1 Carácter: 1
+ & "C:\Program Files\nodejs/node.exe" 
"C:\Program Files\nodejs/node_mo ...
+ ~~~~~~~~~~~~~~~~~~~~~~~~~~~~~~~~~~~~~
~~~~~~~~~~~~~~~~~~~~~~~~~~~~~~~~
    + CategoryInfo          : NotSpeci 
   fied: (FAIL src/module...troller.s  
  pec.ts:String) [], RemoteException
    + FullyQualifiedErrorId : NativeCo 
   mmandError
 
  FoodController
    ├ù should be defined (27 ms)

  ÔùÅ FoodController ÔÇ║ should be 
defined

    Nest can't resolve dependencies of 
the FoodService (?). Please make sure 
that the argument dependency at index 
[0] is available in the current 
context.

    Potential solutions:
    - The dependency at index [0] 
appears to be undefined at runtime
    - This commonly occurs when using 
'import type' instead of 'import' for 
injectable classes
    - Check your imports and change:
      ÔØî import type { SomeService } 
from './some.service';
      Ô£à import { SomeService } from 
'./some.service';
    - Ensure the imported class is 
decorated with @Injectable() or is a 
valid provider
    - If using dynamic imports, ensure 
the class is available at runtime, not 
just for type checking

    For more common dependency 
resolution issues, see: https://docs.ne
stjs.com/faq/common-errors

    [0m [90m 17 |[39m
     [90m 18 |[39m   
beforeEach([36masync[39m () 
[33m=>[39m {
    [31m[1m>[22m[39m[90m 19 
|[39m     [36mconst[39m 
module[33m:[39m 
[33mTestingModule[39m [33m=[39m 
[36mawait[39m [33mTest[39m[33m.[3
9mcreateTestingModule({
     [90m    |[39m                   
                [31m[1m^[22m[39m
     [90m 20 |[39m       
controllers[33m:[39m 
[[33mFoodController[39m][33m,[39m
     [90m 21 |[39m       
providers[33m:[39m [
     [90m 22 |[39m         
[33mFoodService[39m[33m,[39m[0m

      at TestingInjector.lookupComponen
tInParentModules (../node_modules/@nest
js/core/injector/injector.js:286:19)
      at TestingInjector.resolveCompone
ntWrapper (../node_modules/@nestjs/test
ing/testing-injector.js:19:45)
      at resolveParam (../node_modules/
@nestjs/core/injector/injector.js:140:3
8)
          at async Promise.all (index 
0)
      at TestingInjector.resolveConstru
ctorParams (../node_modules/@nestjs/cor
e/injector/injector.js:169:27)
      at TestingInjector.loadInstance (
../node_modules/@nestjs/core/injector/i
njector.js:75:13)
      at TestingInjector.loadProvider (
../node_modules/@nestjs/core/injector/i
njector.js:103:9)
      at ../node_modules/@nestjs/core/i
njector/instance-loader.js:56:13
          at async Promise.all (index 
3)
      at TestingInstanceLoader.createIn
stancesOfProviders (../node_modules/@ne
stjs/core/injector/instance-loader.js:5
5:9)
      at ../node_modules/@nestjs/core/i
njector/instance-loader.js:40:13
          at async Promise.all (index 
1)
      at 
TestingInstanceLoader.createInstances (
../node_modules/@nestjs/core/injector/i
nstance-loader.js:39:9)
      at TestingInstanceLoader.createIn
stancesOfDependencies (../node_modules/
@nestjs/core/injector/instance-loader.j
s:22:13)
      at TestingInstanceLoader.createIn
stancesOfDependencies (../node_modules/
@nestjs/testing/testing-instance-loader
.js:9:9)
      at TestingModuleBuilder.createIns
tancesOfDependencies (../node_modules/@
nestjs/testing/testing-module.builder.j
s:118:9)
      at TestingModuleBuilder.compile (
../node_modules/@nestjs/testing/testing
-module.builder.js:74:9)
      at Object.<anonymous> (modules/in
ventario/alimentos/alimentos.controller
.spec.ts:19:35)

Test Suites: 1 failed, 1 total
Tests:       1 failed, 1 total
Snapshots:   0 total
Time:        1.836 s, estimated 2 s
Ran all test suites matching src/module
s/inventario/alimentos/alimentos.contro
ller.spec.ts.
